// Jest Snapshot v1, https://goo.gl/fbAQLP

exports[`Matches snapshot 1`] = `
<div
  className="formulario-paciente"
  data-testid="patient-form"
>
  <div
    className="container"
  >
    <h1>
      Ficha Nuevo Paciente
    </h1>
    <form
      onSubmit={[Function]}
    >
      <div
        className="form-space"
      >
        <label
          htmlFor="nombre"
        >
          Nombre
        </label>
        <input
          className="form-control"
          name="nombre"
          onChange={[Function]}
          type="text"
        />
      </div>
      <div
        className="form-space"
      >
        <label
          htmlFor="telefono_casa"
        >
          Telefono de Casa
        </label>
        <input
          className="form-control"
          name="telefono_casa"
          onChange={[Function]}
          pattern="[0-9]{4}-[0-9]{4}"
          placeholder="1234-5678"
          type="tel"
        />
      </div>
      <div
        className="form-space"
      >
        <label
          htmlFor="telefono_celular"
        >
          Celular
        </label>
        <input
          className="form-control"
          name="telefono_celular"
          onChange={[Function]}
          pattern="[0-9]{4}-[0-9]{4}"
          placeholder="1234-5678"
          type="tel"
        />
      </div>
      <div
        className="form-space row"
      >
        <label
          className="col-4 col-form-label"
          htmlFor="example-date-input1"
        >
          Fecha de nacimiento
        </label>
        <div
          className="col-12"
        >
          <input
            className="form-control"
            id="example-date-input1"
            onChange={[Function]}
            type="date"
          />
        </div>
      </div>
      <div
        className="form-space"
      >
        <label
          htmlFor="estado_civil"
        >
          Estado Civil
        </label>
        <input
          className="form-control"
          name="estado_civil"
          onChange={[Function]}
          type="text"
        />
      </div>
      <div
        className="form-space"
      >
        <label
          htmlFor="ocupacion"
        >
          Ocupacion
        </label>
        <input
          className="form-control"
          name="ocupacion"
          onChange={[Function]}
          type="text"
        />
      </div>
      <div
        className="form-space"
      >
        <label
          htmlFor="direccion"
        >
          Direccion
        </label>
        <input
          className="form-control"
          name="direccion"
          onChange={[Function]}
          type="text"
        />
      </div>
      <div
        className="form-space"
      >
        <label
          htmlFor="recomendado_por"
        >
          Recomendado por
        </label>
        <input
          className="form-control"
          name="recomendado_por"
          onChange={[Function]}
          type="text"
        />
      </div>
      <div
        className="form-space row"
      >
        <label
          className="col-4 col-form-label"
          htmlFor="example-date-input2"
        >
          Ultima visita al Dentista:
        </label>
        <div
          className="col-12"
        >
          <input
            className="form-control"
            id="example-date-input2"
            onChange={[Function]}
            placeholder="yyyy-mm-dd"
            type="date"
          />
        </div>
        <div
          className="form-space"
        >
          <label
            htmlFor="motivo_consulta"
          >
            Motivo de consulta
          </label>
          <input
            className="form-control"
            name="motivo_consulta"
            onChange={[Function]}
            type="text"
          />
        </div>
      </div>
      <div
        className="form-space"
      >
        <label
          htmlFor="doctor_personal"
        >
          Doctor personal
        </label>
        <input
          className="form-control"
          name="doctor_personal"
          onChange={[Function]}
          type="text"
        />
      </div>
      <div
        className="form-space"
      >
        <label
          htmlFor="telefono_doctor"
        >
          Telefono del doctor personal
        </label>
        <input
          className="form-control"
          name="telefono_doctor"
          onChange={[Function]}
          pattern="[0-9]{4}-[0-9]{4}"
          placeholder="1234-5678"
          type="tel"
        />
      </div>
      <div
        className="form-space"
      >
        <label
          htmlFor="contacto_emergencia"
        >
          Contacto de Emergencia
        </label>
        <input
          className="form-control"
          name="contacto_emergencia"
          onChange={[Function]}
          type="text"
        />
      </div>
      <div
        className="form-space"
      >
        <label
          htmlFor="telefono_contacto"
        >
          Telefono del Contacto
        </label>
        <input
          className="form-control"
          name="telefono_contacto"
          onChange={[Function]}
          pattern="[0-9]{4}-[0-9]{4}"
          placeholder="1234-5678"
          type="tel"
        />
      </div>
      <div
        className="form-space boton-formulario"
      >
        <input
          name="submit"
          type="submit"
          value="Registrar nuevo paciente"
        />
      </div>
    </form>
  </div>
</div>
`;
